c:\users\amcd1\desktop\projects\game_engine\game_engine\builder\cppbuilder\cppbuilder\x64\release\vc143.pdb
c:\users\amcd1\desktop\projects\game_engine\game_engine\builder\cppbuilder\cppbuilder\x64\release\textures.obj
c:\users\amcd1\desktop\projects\game_engine\game_engine\builder\cppbuilder\cppbuilder\x64\release\stb_image_implementation.obj
c:\users\amcd1\desktop\projects\game_engine\game_engine\builder\cppbuilder\cppbuilder\x64\release\sprite.obj
c:\users\amcd1\desktop\projects\game_engine\game_engine\builder\cppbuilder\cppbuilder\x64\release\shader_utils.obj
c:\users\amcd1\desktop\projects\game_engine\game_engine\builder\cppbuilder\cppbuilder\x64\release\main.obj
c:\users\amcd1\desktop\projects\game_engine\game_engine\builder\cppbuilder\cppbuilder\x64\release\game_object.obj
c:\users\amcd1\desktop\projects\game_engine\game_engine\builder\cppbuilder\cppbuilder\x64\release\game_component.obj
c:\users\amcd1\desktop\projects\game_engine\game_engine\builder\cppbuilder\cppbuilder\x64\release\glad.obj
c:\users\amcd1\desktop\projects\game_engine\game_engine\builder\cppbuilder\cppbuilder\x64\release\miniaudio.obj
c:\users\amcd1\desktop\projects\game_engine\game_engine\builder\cppbuilder\x64\release\cppbuilder.exe
c:\users\amcd1\desktop\projects\game_engine\game_engine\builder\cppbuilder\x64\release\cppbuilder.pdb
c:\users\amcd1\desktop\projects\game_engine\game_engine\builder\cppbuilder\x64\release\cppbuilder.lib
c:\users\amcd1\desktop\projects\game_engine\game_engine\builder\cppbuilder\x64\release\cppbuilder.exp
c:\users\amcd1\desktop\projects\game_engine\game_engine\builder\cppbuilder\cppbuilder\x64\release\cppbuilder.ipdb
c:\users\amcd1\desktop\projects\game_engine\game_engine\builder\cppbuilder\cppbuilder\x64\release\cppbuilder.iobj
c:\users\amcd1\desktop\projects\game_engine\game_engine\builder\cppbuilder\cppbuilder\x64\release\cppbuilder.tlog\cl.command.1.tlog
c:\users\amcd1\desktop\projects\game_engine\game_engine\builder\cppbuilder\cppbuilder\x64\release\cppbuilder.tlog\cl.items.tlog
c:\users\amcd1\desktop\projects\game_engine\game_engine\builder\cppbuilder\cppbuilder\x64\release\cppbuilder.tlog\cl.read.1.tlog
c:\users\amcd1\desktop\projects\game_engine\game_engine\builder\cppbuilder\cppbuilder\x64\release\cppbuilder.tlog\cl.write.1.tlog
c:\users\amcd1\desktop\projects\game_engine\game_engine\builder\cppbuilder\cppbuilder\x64\release\cppbuilder.tlog\link.command.1.tlog
c:\users\amcd1\desktop\projects\game_engine\game_engine\builder\cppbuilder\cppbuilder\x64\release\cppbuilder.tlog\link.read.1.tlog
c:\users\amcd1\desktop\projects\game_engine\game_engine\builder\cppbuilder\cppbuilder\x64\release\cppbuilder.tlog\link.secondary.1.tlog
c:\users\amcd1\desktop\projects\game_engine\game_engine\builder\cppbuilder\cppbuilder\x64\release\cppbuilder.tlog\link.write.1.tlog
