  Game_Component.cpp
C:\Users\amcd1\Desktop\projects\Game_Engine\Game_Engine\builder\CppBuilder\CppBuilder\Game_Object.h(135,56): warning C4244: 'argument': conversion from 'double' to 'float', possible loss of data
  (compiling source file 'Game_Component.cpp')
  
C:\Users\amcd1\Desktop\projects\Game_Engine\Game_Engine\builder\CppBuilder\CppBuilder\Place.h(95,19): warning C4244: 'initializing': conversion from 'double' to 'int', possible loss of data
  (compiling source file 'Game_Component.cpp')
  
C:\Users\amcd1\Desktop\projects\Game_Engine\Game_Engine\builder\CppBuilder\CppBuilder\Place.h(96,19): warning C4244: 'initializing': conversion from 'double' to 'int', possible loss of data
  (compiling source file 'Game_Component.cpp')
  
C:\Users\amcd1\Desktop\projects\Game_Engine\Game_Engine\builder\CppBuilder\CppBuilder\Place.h(97,23): warning C4244: 'initializing': conversion from 'double' to 'int', possible loss of data
  (compiling source file 'Game_Component.cpp')
  
C:\Users\amcd1\Desktop\projects\Game_Engine\Game_Engine\builder\CppBuilder\CppBuilder\Place.h(98,24): warning C4244: 'initializing': conversion from 'double' to 'int', possible loss of data
  (compiling source file 'Game_Component.cpp')
  
C:\Users\amcd1\Desktop\projects\Game_Engine\Game_Engine\builder\CppBuilder\CppBuilder\Place.h(115,23): warning C4244: 'initializing': conversion from '_Ty' to 'int', possible loss of data
C:\Users\amcd1\Desktop\projects\Game_Engine\Game_Engine\builder\CppBuilder\CppBuilder\Place.h(115,23): warning C4244:         with
C:\Users\amcd1\Desktop\projects\Game_Engine\Game_Engine\builder\CppBuilder\CppBuilder\Place.h(115,23): warning C4244:         [
C:\Users\amcd1\Desktop\projects\Game_Engine\Game_Engine\builder\CppBuilder\CppBuilder\Place.h(115,23): warning C4244:             _Ty=double
C:\Users\amcd1\Desktop\projects\Game_Engine\Game_Engine\builder\CppBuilder\CppBuilder\Place.h(115,23): warning C4244:         ]
  (compiling source file 'Game_Component.cpp')
  
C:\Users\amcd1\Desktop\projects\Game_Engine\Game_Engine\builder\CppBuilder\CppBuilder\Place.h(116,23): warning C4244: 'initializing': conversion from '_Ty' to 'int', possible loss of data
C:\Users\amcd1\Desktop\projects\Game_Engine\Game_Engine\builder\CppBuilder\CppBuilder\Place.h(116,23): warning C4244:         with
C:\Users\amcd1\Desktop\projects\Game_Engine\Game_Engine\builder\CppBuilder\CppBuilder\Place.h(116,23): warning C4244:         [
C:\Users\amcd1\Desktop\projects\Game_Engine\Game_Engine\builder\CppBuilder\CppBuilder\Place.h(116,23): warning C4244:             _Ty=double
C:\Users\amcd1\Desktop\projects\Game_Engine\Game_Engine\builder\CppBuilder\CppBuilder\Place.h(116,23): warning C4244:         ]
  (compiling source file 'Game_Component.cpp')
  
C:\Users\amcd1\Desktop\projects\Game_Engine\Game_Engine\builder\CppBuilder\CppBuilder\Place.h(118,22): warning C4244: 'initializing': conversion from '_Ty' to 'int', possible loss of data
C:\Users\amcd1\Desktop\projects\Game_Engine\Game_Engine\builder\CppBuilder\CppBuilder\Place.h(118,22): warning C4244:         with
C:\Users\amcd1\Desktop\projects\Game_Engine\Game_Engine\builder\CppBuilder\CppBuilder\Place.h(118,22): warning C4244:         [
C:\Users\amcd1\Desktop\projects\Game_Engine\Game_Engine\builder\CppBuilder\CppBuilder\Place.h(118,22): warning C4244:             _Ty=double
C:\Users\amcd1\Desktop\projects\Game_Engine\Game_Engine\builder\CppBuilder\CppBuilder\Place.h(118,22): warning C4244:         ]
  (compiling source file 'Game_Component.cpp')
  
C:\Users\amcd1\Desktop\projects\Game_Engine\Game_Engine\builder\CppBuilder\CppBuilder\Place.h(119,23): warning C4244: 'initializing': conversion from '_Ty' to 'int', possible loss of data
C:\Users\amcd1\Desktop\projects\Game_Engine\Game_Engine\builder\CppBuilder\CppBuilder\Place.h(119,23): warning C4244:         with
C:\Users\amcd1\Desktop\projects\Game_Engine\Game_Engine\builder\CppBuilder\CppBuilder\Place.h(119,23): warning C4244:         [
C:\Users\amcd1\Desktop\projects\Game_Engine\Game_Engine\builder\CppBuilder\CppBuilder\Place.h(119,23): warning C4244:             _Ty=double
C:\Users\amcd1\Desktop\projects\Game_Engine\Game_Engine\builder\CppBuilder\CppBuilder\Place.h(119,23): warning C4244:         ]
  (compiling source file 'Game_Component.cpp')
  
C:\Users\amcd1\Desktop\projects\Game_Engine\Game_Engine\builder\CppBuilder\CppBuilder\Game_Component.cpp(249,20): warning C4101: 'win_height': unreferenced local variable
C:\Users\amcd1\Desktop\projects\Game_Engine\Game_Engine\builder\CppBuilder\CppBuilder\Game_Component.cpp(249,9): warning C4101: 'win_width': unreferenced local variable
  main.cpp
C:\Users\amcd1\Desktop\projects\Game_Engine\Game_Engine\builder\CppBuilder\CppBuilder\Game_Object.h(135,56): warning C4244: 'argument': conversion from 'double' to 'float', possible loss of data
  (compiling source file 'main.cpp')
  
C:\Users\amcd1\Desktop\projects\Game_Engine\Game_Engine\builder\CppBuilder\CppBuilder\Place.h(95,19): warning C4244: 'initializing': conversion from 'double' to 'int', possible loss of data
  (compiling source file 'main.cpp')
  
C:\Users\amcd1\Desktop\projects\Game_Engine\Game_Engine\builder\CppBuilder\CppBuilder\Place.h(96,19): warning C4244: 'initializing': conversion from 'double' to 'int', possible loss of data
  (compiling source file 'main.cpp')
  
C:\Users\amcd1\Desktop\projects\Game_Engine\Game_Engine\builder\CppBuilder\CppBuilder\Place.h(97,23): warning C4244: 'initializing': conversion from 'double' to 'int', possible loss of data
  (compiling source file 'main.cpp')
  
C:\Users\amcd1\Desktop\projects\Game_Engine\Game_Engine\builder\CppBuilder\CppBuilder\Place.h(98,24): warning C4244: 'initializing': conversion from 'double' to 'int', possible loss of data
  (compiling source file 'main.cpp')
  
C:\Users\amcd1\Desktop\projects\Game_Engine\Game_Engine\builder\CppBuilder\CppBuilder\Place.h(115,23): warning C4244: 'initializing': conversion from '_Ty' to 'int', possible loss of data
C:\Users\amcd1\Desktop\projects\Game_Engine\Game_Engine\builder\CppBuilder\CppBuilder\Place.h(115,23): warning C4244:         with
C:\Users\amcd1\Desktop\projects\Game_Engine\Game_Engine\builder\CppBuilder\CppBuilder\Place.h(115,23): warning C4244:         [
C:\Users\amcd1\Desktop\projects\Game_Engine\Game_Engine\builder\CppBuilder\CppBuilder\Place.h(115,23): warning C4244:             _Ty=double
C:\Users\amcd1\Desktop\projects\Game_Engine\Game_Engine\builder\CppBuilder\CppBuilder\Place.h(115,23): warning C4244:         ]
  (compiling source file 'main.cpp')
  
C:\Users\amcd1\Desktop\projects\Game_Engine\Game_Engine\builder\CppBuilder\CppBuilder\Place.h(116,23): warning C4244: 'initializing': conversion from '_Ty' to 'int', possible loss of data
C:\Users\amcd1\Desktop\projects\Game_Engine\Game_Engine\builder\CppBuilder\CppBuilder\Place.h(116,23): warning C4244:         with
C:\Users\amcd1\Desktop\projects\Game_Engine\Game_Engine\builder\CppBuilder\CppBuilder\Place.h(116,23): warning C4244:         [
C:\Users\amcd1\Desktop\projects\Game_Engine\Game_Engine\builder\CppBuilder\CppBuilder\Place.h(116,23): warning C4244:             _Ty=double
C:\Users\amcd1\Desktop\projects\Game_Engine\Game_Engine\builder\CppBuilder\CppBuilder\Place.h(116,23): warning C4244:         ]
  (compiling source file 'main.cpp')
  
C:\Users\amcd1\Desktop\projects\Game_Engine\Game_Engine\builder\CppBuilder\CppBuilder\Place.h(118,22): warning C4244: 'initializing': conversion from '_Ty' to 'int', possible loss of data
C:\Users\amcd1\Desktop\projects\Game_Engine\Game_Engine\builder\CppBuilder\CppBuilder\Place.h(118,22): warning C4244:         with
C:\Users\amcd1\Desktop\projects\Game_Engine\Game_Engine\builder\CppBuilder\CppBuilder\Place.h(118,22): warning C4244:         [
C:\Users\amcd1\Desktop\projects\Game_Engine\Game_Engine\builder\CppBuilder\CppBuilder\Place.h(118,22): warning C4244:             _Ty=double
C:\Users\amcd1\Desktop\projects\Game_Engine\Game_Engine\builder\CppBuilder\CppBuilder\Place.h(118,22): warning C4244:         ]
  (compiling source file 'main.cpp')
  
C:\Users\amcd1\Desktop\projects\Game_Engine\Game_Engine\builder\CppBuilder\CppBuilder\Place.h(119,23): warning C4244: 'initializing': conversion from '_Ty' to 'int', possible loss of data
C:\Users\amcd1\Desktop\projects\Game_Engine\Game_Engine\builder\CppBuilder\CppBuilder\Place.h(119,23): warning C4244:         with
C:\Users\amcd1\Desktop\projects\Game_Engine\Game_Engine\builder\CppBuilder\CppBuilder\Place.h(119,23): warning C4244:         [
C:\Users\amcd1\Desktop\projects\Game_Engine\Game_Engine\builder\CppBuilder\CppBuilder\Place.h(119,23): warning C4244:             _Ty=double
C:\Users\amcd1\Desktop\projects\Game_Engine\Game_Engine\builder\CppBuilder\CppBuilder\Place.h(119,23): warning C4244:         ]
  (compiling source file 'main.cpp')
  
C:\Users\amcd1\Desktop\projects\Game_Engine\Game_Engine\builder\CppBuilder\CppBuilder\main.cpp(292,14): warning C4267: 'initializing': conversion from 'size_t' to 'int', possible loss of data
     Creating library C:\Users\amcd1\Desktop\projects\Game_Engine\Game_Engine\builder\CppBuilder\x64\Release\CppBuilder.lib and object C:\Users\amcd1\Desktop\projects\Game_Engine\Game_Engine\builder\CppBuilder\x64\Release\CppBuilder.exp
LINK : warning LNK4098: defaultlib 'MSVCRTD' conflicts with use of other libs; use /NODEFAULTLIB:library
  Generating code
  208 of 10760 functions ( 1.9%) were compiled, the rest were copied from previous compilation.
    34 functions were new in current compilation
    308 functions had inline decision re-evaluated but remain unchanged
  Finished generating code
  CppBuilder.vcxproj -> C:\Users\amcd1\Desktop\projects\Game_Engine\Game_Engine\builder\CppBuilder\x64\Release\CppBuilder.exe
          1 file(s) copied.
