c:\users\amcd1\desktop\projects\game_engine\game_engine\builder\cppbuilder\cppbuilder\x64\debug\vc143.pdb
c:\users\amcd1\desktop\projects\game_engine\game_engine\builder\cppbuilder\cppbuilder\x64\debug\vc143.idb
c:\users\amcd1\desktop\projects\game_engine\game_engine\builder\cppbuilder\cppbuilder\x64\debug\glad.obj
c:\users\amcd1\desktop\projects\game_engine\game_engine\builder\cppbuilder\cppbuilder\x64\debug\miniaudio.obj
c:\users\amcd1\desktop\projects\game_engine\game_engine\builder\cppbuilder\cppbuilder\x64\debug\textures.obj
c:\users\amcd1\desktop\projects\game_engine\game_engine\builder\cppbuilder\cppbuilder\x64\debug\stb_image_implementation.obj
c:\users\amcd1\desktop\projects\game_engine\game_engine\builder\cppbuilder\cppbuilder\x64\debug\sprite.obj
c:\users\amcd1\desktop\projects\game_engine\game_engine\builder\cppbuilder\cppbuilder\x64\debug\shader_utils.obj
c:\users\amcd1\desktop\projects\game_engine\game_engine\builder\cppbuilder\cppbuilder\x64\debug\main.obj
c:\users\amcd1\desktop\projects\game_engine\game_engine\builder\cppbuilder\cppbuilder\x64\debug\game_object.obj
c:\users\amcd1\desktop\projects\game_engine\game_engine\builder\cppbuilder\cppbuilder\x64\debug\game_component.obj
c:\users\amcd1\desktop\projects\game_engine\game_engine\builder\cppbuilder\x64\debug\cppbuilder.exe
c:\users\amcd1\desktop\projects\game_engine\game_engine\builder\cppbuilder\x64\debug\cppbuilder.pdb
c:\users\amcd1\desktop\projects\game_engine\game_engine\builder\cppbuilder\x64\debug\cppbuilder.lib
c:\users\amcd1\desktop\projects\game_engine\game_engine\builder\cppbuilder\x64\debug\cppbuilder.exp
c:\users\amcd1\desktop\projects\game_engine\game_engine\builder\cppbuilder\cppbuilder\x64\debug\cppbuilder.ilk
c:\users\amcd1\desktop\projects\game_engine\game_engine\builder\cppbuilder\cppbuilder\x64\debug\cppbuilder.tlog\cl.command.1.tlog
c:\users\amcd1\desktop\projects\game_engine\game_engine\builder\cppbuilder\cppbuilder\x64\debug\cppbuilder.tlog\cl.items.tlog
c:\users\amcd1\desktop\projects\game_engine\game_engine\builder\cppbuilder\cppbuilder\x64\debug\cppbuilder.tlog\cl.read.1.tlog
c:\users\amcd1\desktop\projects\game_engine\game_engine\builder\cppbuilder\cppbuilder\x64\debug\cppbuilder.tlog\cl.write.1.tlog
c:\users\amcd1\desktop\projects\game_engine\game_engine\builder\cppbuilder\cppbuilder\x64\debug\cppbuilder.tlog\link.command.1.tlog
c:\users\amcd1\desktop\projects\game_engine\game_engine\builder\cppbuilder\cppbuilder\x64\debug\cppbuilder.tlog\link.read.1.tlog
c:\users\amcd1\desktop\projects\game_engine\game_engine\builder\cppbuilder\cppbuilder\x64\debug\cppbuilder.tlog\link.secondary.1.tlog
c:\users\amcd1\desktop\projects\game_engine\game_engine\builder\cppbuilder\cppbuilder\x64\debug\cppbuilder.tlog\link.write.1.tlog
