  Game_Component.cpp
C:\Users\amcd1\Desktop\projects\Game_Engine\Game_Engine\builder\CppBuilder\CppBuilder\Game_Object.h(124,56): warning C4244: 'argument': conversion from 'double' to 'float', possible loss of data
  (compiling source file 'Game_Component.cpp')
  
C:\Users\amcd1\Desktop\projects\Game_Engine\Game_Engine\builder\CppBuilder\CppBuilder\Place.h(67,19): warning C4244: 'initializing': conversion from 'double' to 'int', possible loss of data
  (compiling source file 'Game_Component.cpp')
  
C:\Users\amcd1\Desktop\projects\Game_Engine\Game_Engine\builder\CppBuilder\CppBuilder\Place.h(68,19): warning C4244: 'initializing': conversion from 'double' to 'int', possible loss of data
  (compiling source file 'Game_Component.cpp')
  
C:\Users\amcd1\Desktop\projects\Game_Engine\Game_Engine\builder\CppBuilder\CppBuilder\Place.h(69,23): warning C4244: 'initializing': conversion from 'double' to 'int', possible loss of data
  (compiling source file 'Game_Component.cpp')
  
C:\Users\amcd1\Desktop\projects\Game_Engine\Game_Engine\builder\CppBuilder\CppBuilder\Place.h(70,24): warning C4244: 'initializing': conversion from 'double' to 'int', possible loss of data
  (compiling source file 'Game_Component.cpp')
  
C:\Users\amcd1\Desktop\projects\Game_Engine\Game_Engine\builder\CppBuilder\CppBuilder\Place.h(87,23): warning C4244: 'initializing': conversion from '_Ty' to 'int', possible loss of data
C:\Users\amcd1\Desktop\projects\Game_Engine\Game_Engine\builder\CppBuilder\CppBuilder\Place.h(87,23): warning C4244:         with
C:\Users\amcd1\Desktop\projects\Game_Engine\Game_Engine\builder\CppBuilder\CppBuilder\Place.h(87,23): warning C4244:         [
C:\Users\amcd1\Desktop\projects\Game_Engine\Game_Engine\builder\CppBuilder\CppBuilder\Place.h(87,23): warning C4244:             _Ty=double
C:\Users\amcd1\Desktop\projects\Game_Engine\Game_Engine\builder\CppBuilder\CppBuilder\Place.h(87,23): warning C4244:         ]
  (compiling source file 'Game_Component.cpp')
  
C:\Users\amcd1\Desktop\projects\Game_Engine\Game_Engine\builder\CppBuilder\CppBuilder\Place.h(88,23): warning C4244: 'initializing': conversion from '_Ty' to 'int', possible loss of data
C:\Users\amcd1\Desktop\projects\Game_Engine\Game_Engine\builder\CppBuilder\CppBuilder\Place.h(88,23): warning C4244:         with
C:\Users\amcd1\Desktop\projects\Game_Engine\Game_Engine\builder\CppBuilder\CppBuilder\Place.h(88,23): warning C4244:         [
C:\Users\amcd1\Desktop\projects\Game_Engine\Game_Engine\builder\CppBuilder\CppBuilder\Place.h(88,23): warning C4244:             _Ty=double
C:\Users\amcd1\Desktop\projects\Game_Engine\Game_Engine\builder\CppBuilder\CppBuilder\Place.h(88,23): warning C4244:         ]
  (compiling source file 'Game_Component.cpp')
  
C:\Users\amcd1\Desktop\projects\Game_Engine\Game_Engine\builder\CppBuilder\CppBuilder\Place.h(90,22): warning C4244: 'initializing': conversion from '_Ty' to 'int', possible loss of data
C:\Users\amcd1\Desktop\projects\Game_Engine\Game_Engine\builder\CppBuilder\CppBuilder\Place.h(90,22): warning C4244:         with
C:\Users\amcd1\Desktop\projects\Game_Engine\Game_Engine\builder\CppBuilder\CppBuilder\Place.h(90,22): warning C4244:         [
C:\Users\amcd1\Desktop\projects\Game_Engine\Game_Engine\builder\CppBuilder\CppBuilder\Place.h(90,22): warning C4244:             _Ty=double
C:\Users\amcd1\Desktop\projects\Game_Engine\Game_Engine\builder\CppBuilder\CppBuilder\Place.h(90,22): warning C4244:         ]
  (compiling source file 'Game_Component.cpp')
  
C:\Users\amcd1\Desktop\projects\Game_Engine\Game_Engine\builder\CppBuilder\CppBuilder\Place.h(91,23): warning C4244: 'initializing': conversion from '_Ty' to 'int', possible loss of data
C:\Users\amcd1\Desktop\projects\Game_Engine\Game_Engine\builder\CppBuilder\CppBuilder\Place.h(91,23): warning C4244:         with
C:\Users\amcd1\Desktop\projects\Game_Engine\Game_Engine\builder\CppBuilder\CppBuilder\Place.h(91,23): warning C4244:         [
C:\Users\amcd1\Desktop\projects\Game_Engine\Game_Engine\builder\CppBuilder\CppBuilder\Place.h(91,23): warning C4244:             _Ty=double
C:\Users\amcd1\Desktop\projects\Game_Engine\Game_Engine\builder\CppBuilder\CppBuilder\Place.h(91,23): warning C4244:         ]
  (compiling source file 'Game_Component.cpp')
  
  main.cpp
C:\Users\amcd1\Desktop\projects\Game_Engine\Game_Engine\builder\CppBuilder\CppBuilder\Game_Object.h(124,56): warning C4244: 'argument': conversion from 'double' to 'float', possible loss of data
  (compiling source file 'main.cpp')
  
C:\Users\amcd1\Desktop\projects\Game_Engine\Game_Engine\builder\CppBuilder\CppBuilder\Place.h(67,19): warning C4244: 'initializing': conversion from 'double' to 'int', possible loss of data
  (compiling source file 'main.cpp')
  
C:\Users\amcd1\Desktop\projects\Game_Engine\Game_Engine\builder\CppBuilder\CppBuilder\Place.h(68,19): warning C4244: 'initializing': conversion from 'double' to 'int', possible loss of data
  (compiling source file 'main.cpp')
  
C:\Users\amcd1\Desktop\projects\Game_Engine\Game_Engine\builder\CppBuilder\CppBuilder\Place.h(69,23): warning C4244: 'initializing': conversion from 'double' to 'int', possible loss of data
  (compiling source file 'main.cpp')
  
C:\Users\amcd1\Desktop\projects\Game_Engine\Game_Engine\builder\CppBuilder\CppBuilder\Place.h(70,24): warning C4244: 'initializing': conversion from 'double' to 'int', possible loss of data
  (compiling source file 'main.cpp')
  
C:\Users\amcd1\Desktop\projects\Game_Engine\Game_Engine\builder\CppBuilder\CppBuilder\Place.h(87,23): warning C4244: 'initializing': conversion from '_Ty' to 'int', possible loss of data
C:\Users\amcd1\Desktop\projects\Game_Engine\Game_Engine\builder\CppBuilder\CppBuilder\Place.h(87,23): warning C4244:         with
C:\Users\amcd1\Desktop\projects\Game_Engine\Game_Engine\builder\CppBuilder\CppBuilder\Place.h(87,23): warning C4244:         [
C:\Users\amcd1\Desktop\projects\Game_Engine\Game_Engine\builder\CppBuilder\CppBuilder\Place.h(87,23): warning C4244:             _Ty=double
C:\Users\amcd1\Desktop\projects\Game_Engine\Game_Engine\builder\CppBuilder\CppBuilder\Place.h(87,23): warning C4244:         ]
  (compiling source file 'main.cpp')
  
C:\Users\amcd1\Desktop\projects\Game_Engine\Game_Engine\builder\CppBuilder\CppBuilder\Place.h(88,23): warning C4244: 'initializing': conversion from '_Ty' to 'int', possible loss of data
C:\Users\amcd1\Desktop\projects\Game_Engine\Game_Engine\builder\CppBuilder\CppBuilder\Place.h(88,23): warning C4244:         with
C:\Users\amcd1\Desktop\projects\Game_Engine\Game_Engine\builder\CppBuilder\CppBuilder\Place.h(88,23): warning C4244:         [
C:\Users\amcd1\Desktop\projects\Game_Engine\Game_Engine\builder\CppBuilder\CppBuilder\Place.h(88,23): warning C4244:             _Ty=double
C:\Users\amcd1\Desktop\projects\Game_Engine\Game_Engine\builder\CppBuilder\CppBuilder\Place.h(88,23): warning C4244:         ]
  (compiling source file 'main.cpp')
  
C:\Users\amcd1\Desktop\projects\Game_Engine\Game_Engine\builder\CppBuilder\CppBuilder\Place.h(90,22): warning C4244: 'initializing': conversion from '_Ty' to 'int', possible loss of data
C:\Users\amcd1\Desktop\projects\Game_Engine\Game_Engine\builder\CppBuilder\CppBuilder\Place.h(90,22): warning C4244:         with
C:\Users\amcd1\Desktop\projects\Game_Engine\Game_Engine\builder\CppBuilder\CppBuilder\Place.h(90,22): warning C4244:         [
C:\Users\amcd1\Desktop\projects\Game_Engine\Game_Engine\builder\CppBuilder\CppBuilder\Place.h(90,22): warning C4244:             _Ty=double
C:\Users\amcd1\Desktop\projects\Game_Engine\Game_Engine\builder\CppBuilder\CppBuilder\Place.h(90,22): warning C4244:         ]
  (compiling source file 'main.cpp')
  
C:\Users\amcd1\Desktop\projects\Game_Engine\Game_Engine\builder\CppBuilder\CppBuilder\Place.h(91,23): warning C4244: 'initializing': conversion from '_Ty' to 'int', possible loss of data
C:\Users\amcd1\Desktop\projects\Game_Engine\Game_Engine\builder\CppBuilder\CppBuilder\Place.h(91,23): warning C4244:         with
C:\Users\amcd1\Desktop\projects\Game_Engine\Game_Engine\builder\CppBuilder\CppBuilder\Place.h(91,23): warning C4244:         [
C:\Users\amcd1\Desktop\projects\Game_Engine\Game_Engine\builder\CppBuilder\CppBuilder\Place.h(91,23): warning C4244:             _Ty=double
C:\Users\amcd1\Desktop\projects\Game_Engine\Game_Engine\builder\CppBuilder\CppBuilder\Place.h(91,23): warning C4244:         ]
  (compiling source file 'main.cpp')
  
  Generating Code...
     Creating library C:\Users\amcd1\Desktop\projects\Game_Engine\Game_Engine\builder\CppBuilder\x64\Debug\CppBuilder.lib and object C:\Users\amcd1\Desktop\projects\Game_Engine\Game_Engine\builder\CppBuilder\x64\Debug\CppBuilder.exp
  CppBuilder.vcxproj -> C:\Users\amcd1\Desktop\projects\Game_Engine\Game_Engine\builder\CppBuilder\x64\Debug\CppBuilder.exe
          1 file(s) copied.
